// Jest Snapshot v1, https://goo.gl/fbAQLP

exports[`GifGridItem show the component GifGridItem 1`] = `
<div
  className="card animate__animated animate__bounce"
>
  <img
    alt="Title"
    src="https://media1.giphy.com/media/l0HlW7JqkvXy/200w.gif"
  />
  <p>
    Title
  </p>
</div>
`;
